!00 U+0000 .notdef
!01 U+0001 controlSTX
!02 U+1EB2 Abrevehookabove
!03 U+0003 controlETX
!04 U+0004 controlEOT
!05 U+1EB4 Abrevetilde
!06 U+1EAA Acircumflextilde
!07 U+0007 controlBEL
!08 U+0008 controlBS
!09 U+0009 controlHT
!0A U+000A controlLF
!0B U+000B controlVT
!0C U+000C controlFF
!0D U+000D controlCR
!0E U+000E controlSO
!0F U+000F controlSI
!10 U+0010 controlDLE
!11 U+0011 controlDC1
!12 U+0012 controlDC2
!13 U+0013 controlDC3
!14 U+1EF6 Yhookabove
!15 U+0015 controlNAK
!16 U+0016 controlSYN
!17 U+0017 controlETB
!18 U+0018 controlCAN
!19 U+1EF8 Ytilde
!1A U+001A controlSUB
!1B U+001B controlESC
!1C U+001C controlFS
!1D U+001D controlGS
!1E U+1EF4 Ydotbelow
!1F U+001F controlUS
!20 U+0020 spacehackarabic
!21 U+0021 exclam
!22 U+0022 quotedbl
!23 U+0023 numbersign
!24 U+0024 dollar
!25 U+0025 percent
!26 U+0026 ampersand
!27 U+0027 quotesingle
!28 U+0028 parenleft
!29 U+0029 parenright
!2A U+002A asterisk
!2B U+002B plus
!2C U+002C comma
!2D U+002D hyphen
!2E U+002E period
!2F U+002F slash
!30 U+0030 zero
!31 U+0031 one
!32 U+0032 two
!33 U+0033 three
!34 U+0034 four
!35 U+0035 five
!36 U+0036 six
!37 U+0037 seven
!38 U+0038 eight
!39 U+0039 nine
!3A U+003A colon
!3B U+003B semicolon
!3C U+003C less
!3D U+003D equal
!3E U+003E greater
!3F U+003F question
!40 U+0040 at
!41 U+0041 A
!42 U+0042 B
!43 U+0043 C
!44 U+0044 D
!45 U+0045 E
!46 U+0046 F
!47 U+0047 G
!48 U+0048 H
!49 U+0049 I
!4A U+004A J
!4B U+004B K
!4C U+004C L
!4D U+004D M
!4E U+004E N
!4F U+004F O
!50 U+0050 P
!51 U+0051 Q
!52 U+0052 R
!53 U+0053 S
!54 U+0054 T
!55 U+0055 U
!56 U+0056 V
!57 U+0057 W
!58 U+0058 X
!59 U+0059 Y
!5A U+005A Z
!5B U+005B bracketleft
!5C U+005C backslash
!5D U+005D bracketright
!5E U+005E asciicircum
!5F U+005F underscore
!60 U+0060 grave
!61 U+0061 a
!62 U+0062 b
!63 U+0063 c
!64 U+0064 d
!65 U+0065 e
!66 U+0066 f
!67 U+0067 g
!68 U+0068 h
!69 U+0069 i
!6A U+006A j
!6B U+006B k
!6C U+006C l
!6D U+006D m
!6E U+006E n
!6F U+006F o
!70 U+0070 p
!71 U+0071 q
!72 U+0072 r
!73 U+0073 s
!74 U+0074 t
!75 U+0075 u
!76 U+0076 v
!77 U+0077 w
!78 U+0078 x
!79 U+0079 y
!7A U+007A z
!7B U+007B braceleft
!7C U+007C verticalbar
!7D U+007D braceright
!7E U+007E asciitilde
!7F U+007F controlDEL
!80 U+1EA0 Adotbelow
!81 U+1EAE Abreveacute
!82 U+1EB0 Abrevegrave
!83 U+1EB6 Abrevedotbelow
!84 U+1EA4 Acircumflexacute
!85 U+1EA6 Acircumflexgrave
!86 U+1EA8 Acircumflexhookabove
!87 U+1EAC Acircumflexdotbelow
!88 U+1EBC Etilde
!89 U+1EB8 Edotbelow
!8A U+1EBE Ecircumflexacute
!8B U+1EC0 Ecircumflexgrave
!8C U+1EC2 Ecircumflexhookabove
!8D U+1EC4 Ecircumflextilde
!8E U+1EC6 Ecircumflexdotbelow
!8F U+1ED0 Ocircumflexacute
!90 U+1ED2 Ocircumflexgrave
!91 U+1ED4 Ocircumflexhookabove
!92 U+1ED6 Ocircumflextilde
!93 U+1ED8 Ocircumflexdotbelow
!94 U+1EE2 Ohorndotbelow
!95 U+1EDA Ohornacute
!96 U+1EDC Ohorngrave
!97 U+1EDE Ohornhookabove
!98 U+1ECA Idotbelow
!99 U+1ECE Ohookabove
!9A U+1ECC Odotbelow
!9B U+1EC8 Ihookabove
!9C U+1EE6 Uhookabove
!9D U+0168 Utilde
!9E U+1EE4 Udotbelow
!9F U+1EF2 Ygrave
!A0 U+00D5 Otilde
!A1 U+1EAF abreveacute
!A2 U+1EB1 abrevegrave
!A3 U+1EB7 abrevedotbelow
!A4 U+1EA5 acircumflexacute
!A5 U+1EA7 acircumflexgrave
!A6 U+1EA9 acircumflexhookabove
!A7 U+1EAD acircumflexdotbelow
!A8 U+1EBD etilde
!A9 U+1EB9 edotbelow
!AA U+1EBF ecircumflexacute
!AB U+1EC1 ecircumflexgrave
!AC U+1EC3 ecircumflexhookabove
!AD U+1EC5 ecircumflextilde
!AE U+1EC7 ecircumflexdotbelow
!AF U+1ED1 ocircumflexacute
!B0 U+1ED3 ocircumflexgrave
!B1 U+1ED5 ocircumflexhookabove
!B2 U+1ED7 ocircumflextilde
!B3 U+1EE0 Ohorntilde
!B4 U+01A0 Ohorn
!B5 U+1ED9 ocircumflexdotbelow
!B6 U+1EDD ohorngrave
!B7 U+1EDF ohornhookabove
!B8 U+1ECB idotbelow
!B9 U+1EF0 Uhorndotbelow
!BA U+1EE8 Uhornacute
!BB U+1EEA Uhorngrave
!BC U+1EEC Uhornhookabove
!BD U+01A1 ohorn
!BE U+1EDB ohornacute
!BF U+01AF Uhorn
!C0 U+00C0 Agrave
!C1 U+00C1 Aacute
!C2 U+00C2 Acircumflex
!C3 U+00C3 Atilde
!C4 U+1EA2 Ahookabove
!C5 U+0102 Abreve
!C6 U+1EB3 abrevehookabove
!C7 U+1EB5 abrevetilde
!C8 U+00C8 Egrave
!C9 U+00C9 Eacute
!CA U+00CA Ecircumflex
!CB U+1EBA Ehookabove
!CC U+00CC Igrave
!CD U+00CD Iacute
!CE U+0128 Itilde
!CF U+1EF3 ygrave
!D0 U+0110 Dslash
!D1 U+1EE9 uhornacute
!D2 U+00D2 Ograve
!D3 U+00D3 Oacute
!D4 U+00D4 Ocircumflex
!D5 U+1EA1 adotbelow
!D6 U+1EF7 yhookabove
!D7 U+1EEB uhorngrave
!D8 U+1EED uhornhookabove
!D9 U+00D9 Ugrave
!DA U+00DA Uacute
!DB U+1EF9 ytilde
!DC U+1EF5 ydotbelow
!DD U+00DD Yacute
!DE U+1EE1 ohorntilde
!DF U+01B0 uhorn
!E0 U+00E0 agrave
!E1 U+00E1 aacute
!E2 U+00E2 acircumflex
!E3 U+00E3 atilde
!E4 U+1EA3 ahookabove
!E5 U+0103 abreve
!E6 U+1EEF uhorntilde
!E7 U+1EAB acircumflextilde
!E8 U+00E8 egrave
!E9 U+00E9 eacute
!EA U+00EA ecircumflex
!EB U+1EBB ehookabove
!EC U+00EC igrave
!ED U+00ED iacute
!EE U+0129 itilde
!EF U+1EC9 ihookabove
!F0 U+0111 dmacron
!F1 U+1EF1 uhorndotbelow
!F2 U+00F2 ograve
!F3 U+00F3 oacute
!F4 U+00F4 ocircumflex
!F5 U+00F5 otilde
!F6 U+1ECF ohookabove
!F7 U+1ECD odotbelow
!F8 U+1EE5 udotbelow
!F9 U+00F9 ugrave
!FA U+00FA uacute
!FB U+0169 utilde
!FC U+1EE7 uhookabove
!FD U+00FD yacute
!FE U+1EE3 ohorndotbelow
!FF U+1EEE Uhorntilde
!D0 U+00D0 Eth